// Jest Snapshot v1, https://goo.gl/fbAQLP

exports[`Card should match the snapshot with all data passed in correctly 1`] = `
ShallowWrapper {
  Symbol(enzyme.__root__): [Circular],
  Symbol(enzyme.__unrendered__): <Card
    cardData={
      Object {
        "category": "people",
        "homeworld": "Tatooine",
        "isFavorite": false,
        "name": "Luke Skywalker",
        "population": "200000",
        "species": "Human",
      }
    }
    toggleFavorite={[MockFunction]}
  />,
  Symbol(enzyme.__renderer__): Object {
    "batchedUpdates": [Function],
    "getNode": [Function],
    "render": [Function],
    "simulateError": [Function],
    "simulateEvent": [Function],
    "unmount": [Function],
  },
  Symbol(enzyme.__node__): Object {
    "instance": null,
    "key": undefined,
    "nodeType": "host",
    "props": Object {
      "children": Array [
        <div
          className="button-div"
        >
          <button
            className="fave-button"
            onClick={[Function]}
          >
            <i
              className="far fa-star one"
            />
          </button>
        </div>,
        <div
          className="list-container"
        >
          <ul
            className="info-section"
          >
            <li
              className="info"
            >
              name
              : 
              Luke Skywalker
            </li>
            <li
              className="info"
            >
              homeworld
              : 
              Tatooine
            </li>
            <li
              className="info"
            >
              population
              : 
              200000
            </li>
            <li
              className="info"
            >
              species
              : 
              Human
            </li>
          </ul>
        </div>,
      ],
      "className": "card",
    },
    "ref": null,
    "rendered": Array [
      Object {
        "instance": null,
        "key": undefined,
        "nodeType": "host",
        "props": Object {
          "children": <button
            className="fave-button"
            onClick={[Function]}
          >
            <i
              className="far fa-star one"
            />
          </button>,
          "className": "button-div",
        },
        "ref": null,
        "rendered": Object {
          "instance": null,
          "key": undefined,
          "nodeType": "host",
          "props": Object {
            "children": <i
              className="far fa-star one"
            />,
            "className": "fave-button",
            "onClick": [Function],
          },
          "ref": null,
          "rendered": Object {
            "instance": null,
            "key": undefined,
            "nodeType": "host",
            "props": Object {
              "className": "far fa-star one",
            },
            "ref": null,
            "rendered": null,
            "type": "i",
          },
          "type": "button",
        },
        "type": "div",
      },
      Object {
        "instance": null,
        "key": undefined,
        "nodeType": "host",
        "props": Object {
          "children": <ul
            className="info-section"
          >
            <li
              className="info"
            >
              name
              : 
              Luke Skywalker
            </li>
            <li
              className="info"
            >
              homeworld
              : 
              Tatooine
            </li>
            <li
              className="info"
            >
              population
              : 
              200000
            </li>
            <li
              className="info"
            >
              species
              : 
              Human
            </li>
          </ul>,
          "className": "list-container",
        },
        "ref": null,
        "rendered": Object {
          "instance": null,
          "key": undefined,
          "nodeType": "host",
          "props": Object {
            "children": Array [
              <li
                className="info"
              >
                name
                : 
                Luke Skywalker
              </li>,
              <li
                className="info"
              >
                homeworld
                : 
                Tatooine
              </li>,
              <li
                className="info"
              >
                population
                : 
                200000
              </li>,
              <li
                className="info"
              >
                species
                : 
                Human
              </li>,
              undefined,
              undefined,
            ],
            "className": "info-section",
          },
          "ref": null,
          "rendered": Array [
            Object {
              "instance": null,
              "key": "name",
              "nodeType": "host",
              "props": Object {
                "children": Array [
                  "name",
                  ": ",
                  "Luke Skywalker",
                ],
                "className": "info",
              },
              "ref": null,
              "rendered": Array [
                "name",
                ": ",
                "Luke Skywalker",
              ],
              "type": "li",
            },
            Object {
              "instance": null,
              "key": "homeworld",
              "nodeType": "host",
              "props": Object {
                "children": Array [
                  "homeworld",
                  ": ",
                  "Tatooine",
                ],
                "className": "info",
              },
              "ref": null,
              "rendered": Array [
                "homeworld",
                ": ",
                "Tatooine",
              ],
              "type": "li",
            },
            Object {
              "instance": null,
              "key": "population",
              "nodeType": "host",
              "props": Object {
                "children": Array [
                  "population",
                  ": ",
                  "200000",
                ],
                "className": "info",
              },
              "ref": null,
              "rendered": Array [
                "population",
                ": ",
                "200000",
              ],
              "type": "li",
            },
            Object {
              "instance": null,
              "key": "species",
              "nodeType": "host",
              "props": Object {
                "children": Array [
                  "species",
                  ": ",
                  "Human",
                ],
                "className": "info",
              },
              "ref": null,
              "rendered": Array [
                "species",
                ": ",
                "Human",
              ],
              "type": "li",
            },
            undefined,
            undefined,
          ],
          "type": "ul",
        },
        "type": "div",
      },
    ],
    "type": "div",
  },
  Symbol(enzyme.__nodes__): Array [
    Object {
      "instance": null,
      "key": undefined,
      "nodeType": "host",
      "props": Object {
        "children": Array [
          <div
            className="button-div"
          >
            <button
              className="fave-button"
              onClick={[Function]}
            >
              <i
                className="far fa-star one"
              />
            </button>
          </div>,
          <div
            className="list-container"
          >
            <ul
              className="info-section"
            >
              <li
                className="info"
              >
                name
                : 
                Luke Skywalker
              </li>
              <li
                className="info"
              >
                homeworld
                : 
                Tatooine
              </li>
              <li
                className="info"
              >
                population
                : 
                200000
              </li>
              <li
                className="info"
              >
                species
                : 
                Human
              </li>
            </ul>
          </div>,
        ],
        "className": "card",
      },
      "ref": null,
      "rendered": Array [
        Object {
          "instance": null,
          "key": undefined,
          "nodeType": "host",
          "props": Object {
            "children": <button
              className="fave-button"
              onClick={[Function]}
            >
              <i
                className="far fa-star one"
              />
            </button>,
            "className": "button-div",
          },
          "ref": null,
          "rendered": Object {
            "instance": null,
            "key": undefined,
            "nodeType": "host",
            "props": Object {
              "children": <i
                className="far fa-star one"
              />,
              "className": "fave-button",
              "onClick": [Function],
            },
            "ref": null,
            "rendered": Object {
              "instance": null,
              "key": undefined,
              "nodeType": "host",
              "props": Object {
                "className": "far fa-star one",
              },
              "ref": null,
              "rendered": null,
              "type": "i",
            },
            "type": "button",
          },
          "type": "div",
        },
        Object {
          "instance": null,
          "key": undefined,
          "nodeType": "host",
          "props": Object {
            "children": <ul
              className="info-section"
            >
              <li
                className="info"
              >
                name
                : 
                Luke Skywalker
              </li>
              <li
                className="info"
              >
                homeworld
                : 
                Tatooine
              </li>
              <li
                className="info"
              >
                population
                : 
                200000
              </li>
              <li
                className="info"
              >
                species
                : 
                Human
              </li>
            </ul>,
            "className": "list-container",
          },
          "ref": null,
          "rendered": Object {
            "instance": null,
            "key": undefined,
            "nodeType": "host",
            "props": Object {
              "children": Array [
                <li
                  className="info"
                >
                  name
                  : 
                  Luke Skywalker
                </li>,
                <li
                  className="info"
                >
                  homeworld
                  : 
                  Tatooine
                </li>,
                <li
                  className="info"
                >
                  population
                  : 
                  200000
                </li>,
                <li
                  className="info"
                >
                  species
                  : 
                  Human
                </li>,
                undefined,
                undefined,
              ],
              "className": "info-section",
            },
            "ref": null,
            "rendered": Array [
              Object {
                "instance": null,
                "key": "name",
                "nodeType": "host",
                "props": Object {
                  "children": Array [
                    "name",
                    ": ",
                    "Luke Skywalker",
                  ],
                  "className": "info",
                },
                "ref": null,
                "rendered": Array [
                  "name",
                  ": ",
                  "Luke Skywalker",
                ],
                "type": "li",
              },
              Object {
                "instance": null,
                "key": "homeworld",
                "nodeType": "host",
                "props": Object {
                  "children": Array [
                    "homeworld",
                    ": ",
                    "Tatooine",
                  ],
                  "className": "info",
                },
                "ref": null,
                "rendered": Array [
                  "homeworld",
                  ": ",
                  "Tatooine",
                ],
                "type": "li",
              },
              Object {
                "instance": null,
                "key": "population",
                "nodeType": "host",
                "props": Object {
                  "children": Array [
                    "population",
                    ": ",
                    "200000",
                  ],
                  "className": "info",
                },
                "ref": null,
                "rendered": Array [
                  "population",
                  ": ",
                  "200000",
                ],
                "type": "li",
              },
              Object {
                "instance": null,
                "key": "species",
                "nodeType": "host",
                "props": Object {
                  "children": Array [
                    "species",
                    ": ",
                    "Human",
                  ],
                  "className": "info",
                },
                "ref": null,
                "rendered": Array [
                  "species",
                  ": ",
                  "Human",
                ],
                "type": "li",
              },
              undefined,
              undefined,
            ],
            "type": "ul",
          },
          "type": "div",
        },
      ],
      "type": "div",
    },
  ],
  Symbol(enzyme.__options__): Object {
    "adapter": ReactSixteenAdapter {
      "options": Object {
        "enableComponentDidUpdateOnSetState": true,
        "lifecycles": Object {
          "componentDidUpdate": Object {
            "onSetState": true,
          },
          "getDerivedStateFromProps": true,
          "getSnapshotBeforeUpdate": true,
          "setState": Object {
            "skipsComponentDidUpdateOnNullish": true,
          },
        },
      },
    },
  },
}
`;
