// Jest Snapshot v1, https://goo.gl/fbAQLP

exports[`Home should match the snapshot with all data passed in correctly 1`] = `
ShallowWrapper {
  Symbol(enzyme.__root__): [Circular],
  Symbol(enzyme.__unrendered__): <Home
    cardCount={4}
    currentFilm="It is a period of civil war.
Rebel spaceships, striking
from a hidden base, have won
their first victory against
the evil Galactic Empire.

During the battle, Rebel
spies managed to steal secret
plans to the Empire's
ultimate weapon, the DEATH
STAR, an armored space
station with enough power
to destroy an entire planet.

Pursued by the Empire's
sinister agents, Princess
Leia races home aboard her
starship, custodian of the
stolen plans that can save her
people and restore
freedom to the galaxy...."
    displayFavorites={[MockFunction]}
    fetchData={[MockFunction]}
  />,
  Symbol(enzyme.__renderer__): Object {
    "batchedUpdates": [Function],
    "getNode": [Function],
    "render": [Function],
    "simulateError": [Function],
    "simulateEvent": [Function],
    "unmount": [Function],
  },
  Symbol(enzyme.__node__): Object {
    "instance": null,
    "key": undefined,
    "nodeType": "host",
    "props": Object {
      "children": Array [
        <Header />,
        <Nav
          cardCount={4}
          displayFavorites={[MockFunction]}
          fetchData={[MockFunction]}
        />,
        <ScrollingText
          0="I"
          1="t"
          10="r"
          100="v"
          101="i"
          102="c"
          103="t"
          104="o"
          105="r"
          106="y"
          107=" "
          108="a"
          109="g"
          11="i"
          110="a"
          111="i"
          112="n"
          113="s"
          114="t"
          115="
"
          116="
"
          117="t"
          118="h"
          119="e"
          12="o"
          120=" "
          121="e"
          122="v"
          123="i"
          124="l"
          125=" "
          126="G"
          127="a"
          128="l"
          129="a"
          13="d"
          130="c"
          131="t"
          132="i"
          133="c"
          134=" "
          135="E"
          136="m"
          137="p"
          138="i"
          139="r"
          14=" "
          140="e"
          141="."
          142="
"
          143="
"
          144="
"
          145="
"
          146="D"
          147="u"
          148="r"
          149="i"
          15="o"
          150="n"
          151="g"
          152=" "
          153="t"
          154="h"
          155="e"
          156=" "
          157="b"
          158="a"
          159="t"
          16="f"
          160="t"
          161="l"
          162="e"
          163=","
          164=" "
          165="R"
          166="e"
          167="b"
          168="e"
          169="l"
          17=" "
          170="
"
          171="
"
          172="s"
          173="p"
          174="i"
          175="e"
          176="s"
          177=" "
          178="m"
          179="a"
          18="c"
          180="n"
          181="a"
          182="g"
          183="e"
          184="d"
          185=" "
          186="t"
          187="o"
          188=" "
          189="s"
          19="i"
          190="t"
          191="e"
          192="a"
          193="l"
          194=" "
          195="s"
          196="e"
          197="c"
          198="r"
          199="e"
          2=" "
          20="v"
          200="t"
          201="
"
          202="
"
          203="p"
          204="l"
          205="a"
          206="n"
          207="s"
          208=" "
          209="t"
          21="i"
          210="o"
          211=" "
          212="t"
          213="h"
          214="e"
          215=" "
          216="E"
          217="m"
          218="p"
          219="i"
          22="l"
          220="r"
          221="e"
          222="'"
          223="s"
          224="
"
          225="
"
          226="u"
          227="l"
          228="t"
          229="i"
          23=" "
          230="m"
          231="a"
          232="t"
          233="e"
          234=" "
          235="w"
          236="e"
          237="a"
          238="p"
          239="o"
          24="w"
          240="n"
          241=","
          242=" "
          243="t"
          244="h"
          245="e"
          246=" "
          247="D"
          248="E"
          249="A"
          25="a"
          250="T"
          251="H"
          252="
"
          253="
"
          254="S"
          255="T"
          256="A"
          257="R"
          258=","
          259=" "
          26="r"
          260="a"
          261="n"
          262=" "
          263="a"
          264="r"
          265="m"
          266="o"
          267="r"
          268="e"
          269="d"
          27="."
          270=" "
          271="s"
          272="p"
          273="a"
          274="c"
          275="e"
          276="
"
          277="
"
          278="s"
          279="t"
          28="
"
          280="a"
          281="t"
          282="i"
          283="o"
          284="n"
          285=" "
          286="w"
          287="i"
          288="t"
          289="h"
          29="
"
          290=" "
          291="e"
          292="n"
          293="o"
          294="u"
          295="g"
          296="h"
          297=" "
          298="p"
          299="o"
          3="i"
          30="R"
          300="w"
          301="e"
          302="r"
          303="
"
          304="
"
          305="t"
          306="o"
          307=" "
          308="d"
          309="e"
          31="e"
          310="s"
          311="t"
          312="r"
          313="o"
          314="y"
          315=" "
          316="a"
          317="n"
          318=" "
          319="e"
          32="b"
          320="n"
          321="t"
          322="i"
          323="r"
          324="e"
          325=" "
          326="p"
          327="l"
          328="a"
          329="n"
          33="e"
          330="e"
          331="t"
          332="."
          333="
"
          334="
"
          335="
"
          336="
"
          337="P"
          338="u"
          339="r"
          34="l"
          340="s"
          341="u"
          342="e"
          343="d"
          344=" "
          345="b"
          346="y"
          347=" "
          348="t"
          349="h"
          35=" "
          350="e"
          351=" "
          352="E"
          353="m"
          354="p"
          355="i"
          356="r"
          357="e"
          358="'"
          359="s"
          36="s"
          360="
"
          361="
"
          362="s"
          363="i"
          364="n"
          365="i"
          366="s"
          367="t"
          368="e"
          369="r"
          37="p"
          370=" "
          371="a"
          372="g"
          373="e"
          374="n"
          375="t"
          376="s"
          377=","
          378=" "
          379="P"
          38="a"
          380="r"
          381="i"
          382="n"
          383="c"
          384="e"
          385="s"
          386="s"
          387="
"
          388="
"
          389="L"
          39="c"
          390="e"
          391="i"
          392="a"
          393=" "
          394="r"
          395="a"
          396="c"
          397="e"
          398="s"
          399=" "
          4="s"
          40="e"
          400="h"
          401="o"
          402="m"
          403="e"
          404=" "
          405="a"
          406="b"
          407="o"
          408="a"
          409="r"
          41="s"
          410="d"
          411=" "
          412="h"
          413="e"
          414="r"
          415="
"
          416="
"
          417="s"
          418="t"
          419="a"
          42="h"
          420="r"
          421="s"
          422="h"
          423="i"
          424="p"
          425=","
          426=" "
          427="c"
          428="u"
          429="s"
          43="i"
          430="t"
          431="o"
          432="d"
          433="i"
          434="a"
          435="n"
          436=" "
          437="o"
          438="f"
          439=" "
          44="p"
          440="t"
          441="h"
          442="e"
          443="
"
          444="
"
          445="s"
          446="t"
          447="o"
          448="l"
          449="e"
          45="s"
          450="n"
          451=" "
          452="p"
          453="l"
          454="a"
          455="n"
          456="s"
          457=" "
          458="t"
          459="h"
          46=","
          460="a"
          461="t"
          462=" "
          463="c"
          464="a"
          465="n"
          466=" "
          467="s"
          468="a"
          469="v"
          47=" "
          470="e"
          471=" "
          472="h"
          473="e"
          474="r"
          475="
"
          476="
"
          477="p"
          478="e"
          479="o"
          48="s"
          480="p"
          481="l"
          482="e"
          483=" "
          484="a"
          485="n"
          486="d"
          487=" "
          488="r"
          489="e"
          49="t"
          490="s"
          491="t"
          492="o"
          493="r"
          494="e"
          495="
"
          496="
"
          497="f"
          498="r"
          499="e"
          5=" "
          50="r"
          500="e"
          501="d"
          502="o"
          503="m"
          504=" "
          505="t"
          506="o"
          507=" "
          508="t"
          509="h"
          51="i"
          510="e"
          511=" "
          512="g"
          513="a"
          514="l"
          515="a"
          516="x"
          517="y"
          518="."
          519="."
          52="k"
          520="."
          521="."
          53="i"
          54="n"
          55="g"
          56="
"
          57="
"
          58="f"
          59="r"
          6="a"
          60="o"
          61="m"
          62=" "
          63="a"
          64=" "
          65="h"
          66="i"
          67="d"
          68="d"
          69="e"
          7=" "
          70="n"
          71=" "
          72="b"
          73="a"
          74="s"
          75="e"
          76=","
          77=" "
          78="h"
          79="a"
          8="p"
          80="v"
          81="e"
          82=" "
          83="w"
          84="o"
          85="n"
          86="
"
          87="
"
          88="t"
          89="h"
          9="e"
          90="e"
          91="i"
          92="r"
          93=" "
          94="f"
          95="i"
          96="r"
          97="s"
          98="t"
          99=" "
        />,
      ],
      "className": "home",
    },
    "ref": null,
    "rendered": Array [
      Object {
        "instance": null,
        "key": undefined,
        "nodeType": "function",
        "props": Object {},
        "ref": null,
        "rendered": null,
        "type": [Function],
      },
      Object {
        "instance": null,
        "key": undefined,
        "nodeType": "function",
        "props": Object {
          "cardCount": 4,
          "displayFavorites": [MockFunction],
          "fetchData": [MockFunction],
        },
        "ref": null,
        "rendered": null,
        "type": [Function],
      },
      Object {
        "instance": null,
        "key": undefined,
        "nodeType": "function",
        "props": Object {
          "0": "I",
          "1": "t",
          "10": "r",
          "100": "v",
          "101": "i",
          "102": "c",
          "103": "t",
          "104": "o",
          "105": "r",
          "106": "y",
          "107": " ",
          "108": "a",
          "109": "g",
          "11": "i",
          "110": "a",
          "111": "i",
          "112": "n",
          "113": "s",
          "114": "t",
          "115": "
",
          "116": "
",
          "117": "t",
          "118": "h",
          "119": "e",
          "12": "o",
          "120": " ",
          "121": "e",
          "122": "v",
          "123": "i",
          "124": "l",
          "125": " ",
          "126": "G",
          "127": "a",
          "128": "l",
          "129": "a",
          "13": "d",
          "130": "c",
          "131": "t",
          "132": "i",
          "133": "c",
          "134": " ",
          "135": "E",
          "136": "m",
          "137": "p",
          "138": "i",
          "139": "r",
          "14": " ",
          "140": "e",
          "141": ".",
          "142": "
",
          "143": "
",
          "144": "
",
          "145": "
",
          "146": "D",
          "147": "u",
          "148": "r",
          "149": "i",
          "15": "o",
          "150": "n",
          "151": "g",
          "152": " ",
          "153": "t",
          "154": "h",
          "155": "e",
          "156": " ",
          "157": "b",
          "158": "a",
          "159": "t",
          "16": "f",
          "160": "t",
          "161": "l",
          "162": "e",
          "163": ",",
          "164": " ",
          "165": "R",
          "166": "e",
          "167": "b",
          "168": "e",
          "169": "l",
          "17": " ",
          "170": "
",
          "171": "
",
          "172": "s",
          "173": "p",
          "174": "i",
          "175": "e",
          "176": "s",
          "177": " ",
          "178": "m",
          "179": "a",
          "18": "c",
          "180": "n",
          "181": "a",
          "182": "g",
          "183": "e",
          "184": "d",
          "185": " ",
          "186": "t",
          "187": "o",
          "188": " ",
          "189": "s",
          "19": "i",
          "190": "t",
          "191": "e",
          "192": "a",
          "193": "l",
          "194": " ",
          "195": "s",
          "196": "e",
          "197": "c",
          "198": "r",
          "199": "e",
          "2": " ",
          "20": "v",
          "200": "t",
          "201": "
",
          "202": "
",
          "203": "p",
          "204": "l",
          "205": "a",
          "206": "n",
          "207": "s",
          "208": " ",
          "209": "t",
          "21": "i",
          "210": "o",
          "211": " ",
          "212": "t",
          "213": "h",
          "214": "e",
          "215": " ",
          "216": "E",
          "217": "m",
          "218": "p",
          "219": "i",
          "22": "l",
          "220": "r",
          "221": "e",
          "222": "'",
          "223": "s",
          "224": "
",
          "225": "
",
          "226": "u",
          "227": "l",
          "228": "t",
          "229": "i",
          "23": " ",
          "230": "m",
          "231": "a",
          "232": "t",
          "233": "e",
          "234": " ",
          "235": "w",
          "236": "e",
          "237": "a",
          "238": "p",
          "239": "o",
          "24": "w",
          "240": "n",
          "241": ",",
          "242": " ",
          "243": "t",
          "244": "h",
          "245": "e",
          "246": " ",
          "247": "D",
          "248": "E",
          "249": "A",
          "25": "a",
          "250": "T",
          "251": "H",
          "252": "
",
          "253": "
",
          "254": "S",
          "255": "T",
          "256": "A",
          "257": "R",
          "258": ",",
          "259": " ",
          "26": "r",
          "260": "a",
          "261": "n",
          "262": " ",
          "263": "a",
          "264": "r",
          "265": "m",
          "266": "o",
          "267": "r",
          "268": "e",
          "269": "d",
          "27": ".",
          "270": " ",
          "271": "s",
          "272": "p",
          "273": "a",
          "274": "c",
          "275": "e",
          "276": "
",
          "277": "
",
          "278": "s",
          "279": "t",
          "28": "
",
          "280": "a",
          "281": "t",
          "282": "i",
          "283": "o",
          "284": "n",
          "285": " ",
          "286": "w",
          "287": "i",
          "288": "t",
          "289": "h",
          "29": "
",
          "290": " ",
          "291": "e",
          "292": "n",
          "293": "o",
          "294": "u",
          "295": "g",
          "296": "h",
          "297": " ",
          "298": "p",
          "299": "o",
          "3": "i",
          "30": "R",
          "300": "w",
          "301": "e",
          "302": "r",
          "303": "
",
          "304": "
",
          "305": "t",
          "306": "o",
          "307": " ",
          "308": "d",
          "309": "e",
          "31": "e",
          "310": "s",
          "311": "t",
          "312": "r",
          "313": "o",
          "314": "y",
          "315": " ",
          "316": "a",
          "317": "n",
          "318": " ",
          "319": "e",
          "32": "b",
          "320": "n",
          "321": "t",
          "322": "i",
          "323": "r",
          "324": "e",
          "325": " ",
          "326": "p",
          "327": "l",
          "328": "a",
          "329": "n",
          "33": "e",
          "330": "e",
          "331": "t",
          "332": ".",
          "333": "
",
          "334": "
",
          "335": "
",
          "336": "
",
          "337": "P",
          "338": "u",
          "339": "r",
          "34": "l",
          "340": "s",
          "341": "u",
          "342": "e",
          "343": "d",
          "344": " ",
          "345": "b",
          "346": "y",
          "347": " ",
          "348": "t",
          "349": "h",
          "35": " ",
          "350": "e",
          "351": " ",
          "352": "E",
          "353": "m",
          "354": "p",
          "355": "i",
          "356": "r",
          "357": "e",
          "358": "'",
          "359": "s",
          "36": "s",
          "360": "
",
          "361": "
",
          "362": "s",
          "363": "i",
          "364": "n",
          "365": "i",
          "366": "s",
          "367": "t",
          "368": "e",
          "369": "r",
          "37": "p",
          "370": " ",
          "371": "a",
          "372": "g",
          "373": "e",
          "374": "n",
          "375": "t",
          "376": "s",
          "377": ",",
          "378": " ",
          "379": "P",
          "38": "a",
          "380": "r",
          "381": "i",
          "382": "n",
          "383": "c",
          "384": "e",
          "385": "s",
          "386": "s",
          "387": "
",
          "388": "
",
          "389": "L",
          "39": "c",
          "390": "e",
          "391": "i",
          "392": "a",
          "393": " ",
          "394": "r",
          "395": "a",
          "396": "c",
          "397": "e",
          "398": "s",
          "399": " ",
          "4": "s",
          "40": "e",
          "400": "h",
          "401": "o",
          "402": "m",
          "403": "e",
          "404": " ",
          "405": "a",
          "406": "b",
          "407": "o",
          "408": "a",
          "409": "r",
          "41": "s",
          "410": "d",
          "411": " ",
          "412": "h",
          "413": "e",
          "414": "r",
          "415": "
",
          "416": "
",
          "417": "s",
          "418": "t",
          "419": "a",
          "42": "h",
          "420": "r",
          "421": "s",
          "422": "h",
          "423": "i",
          "424": "p",
          "425": ",",
          "426": " ",
          "427": "c",
          "428": "u",
          "429": "s",
          "43": "i",
          "430": "t",
          "431": "o",
          "432": "d",
          "433": "i",
          "434": "a",
          "435": "n",
          "436": " ",
          "437": "o",
          "438": "f",
          "439": " ",
          "44": "p",
          "440": "t",
          "441": "h",
          "442": "e",
          "443": "
",
          "444": "
",
          "445": "s",
          "446": "t",
          "447": "o",
          "448": "l",
          "449": "e",
          "45": "s",
          "450": "n",
          "451": " ",
          "452": "p",
          "453": "l",
          "454": "a",
          "455": "n",
          "456": "s",
          "457": " ",
          "458": "t",
          "459": "h",
          "46": ",",
          "460": "a",
          "461": "t",
          "462": " ",
          "463": "c",
          "464": "a",
          "465": "n",
          "466": " ",
          "467": "s",
          "468": "a",
          "469": "v",
          "47": " ",
          "470": "e",
          "471": " ",
          "472": "h",
          "473": "e",
          "474": "r",
          "475": "
",
          "476": "
",
          "477": "p",
          "478": "e",
          "479": "o",
          "48": "s",
          "480": "p",
          "481": "l",
          "482": "e",
          "483": " ",
          "484": "a",
          "485": "n",
          "486": "d",
          "487": " ",
          "488": "r",
          "489": "e",
          "49": "t",
          "490": "s",
          "491": "t",
          "492": "o",
          "493": "r",
          "494": "e",
          "495": "
",
          "496": "
",
          "497": "f",
          "498": "r",
          "499": "e",
          "5": " ",
          "50": "r",
          "500": "e",
          "501": "d",
          "502": "o",
          "503": "m",
          "504": " ",
          "505": "t",
          "506": "o",
          "507": " ",
          "508": "t",
          "509": "h",
          "51": "i",
          "510": "e",
          "511": " ",
          "512": "g",
          "513": "a",
          "514": "l",
          "515": "a",
          "516": "x",
          "517": "y",
          "518": ".",
          "519": ".",
          "52": "k",
          "520": ".",
          "521": ".",
          "53": "i",
          "54": "n",
          "55": "g",
          "56": "
",
          "57": "
",
          "58": "f",
          "59": "r",
          "6": "a",
          "60": "o",
          "61": "m",
          "62": " ",
          "63": "a",
          "64": " ",
          "65": "h",
          "66": "i",
          "67": "d",
          "68": "d",
          "69": "e",
          "7": " ",
          "70": "n",
          "71": " ",
          "72": "b",
          "73": "a",
          "74": "s",
          "75": "e",
          "76": ",",
          "77": " ",
          "78": "h",
          "79": "a",
          "8": "p",
          "80": "v",
          "81": "e",
          "82": " ",
          "83": "w",
          "84": "o",
          "85": "n",
          "86": "
",
          "87": "
",
          "88": "t",
          "89": "h",
          "9": "e",
          "90": "e",
          "91": "i",
          "92": "r",
          "93": " ",
          "94": "f",
          "95": "i",
          "96": "r",
          "97": "s",
          "98": "t",
          "99": " ",
        },
        "ref": null,
        "rendered": null,
        "type": [Function],
      },
    ],
    "type": "div",
  },
  Symbol(enzyme.__nodes__): Array [
    Object {
      "instance": null,
      "key": undefined,
      "nodeType": "host",
      "props": Object {
        "children": Array [
          <Header />,
          <Nav
            cardCount={4}
            displayFavorites={[MockFunction]}
            fetchData={[MockFunction]}
          />,
          <ScrollingText
            0="I"
            1="t"
            10="r"
            100="v"
            101="i"
            102="c"
            103="t"
            104="o"
            105="r"
            106="y"
            107=" "
            108="a"
            109="g"
            11="i"
            110="a"
            111="i"
            112="n"
            113="s"
            114="t"
            115="
"
            116="
"
            117="t"
            118="h"
            119="e"
            12="o"
            120=" "
            121="e"
            122="v"
            123="i"
            124="l"
            125=" "
            126="G"
            127="a"
            128="l"
            129="a"
            13="d"
            130="c"
            131="t"
            132="i"
            133="c"
            134=" "
            135="E"
            136="m"
            137="p"
            138="i"
            139="r"
            14=" "
            140="e"
            141="."
            142="
"
            143="
"
            144="
"
            145="
"
            146="D"
            147="u"
            148="r"
            149="i"
            15="o"
            150="n"
            151="g"
            152=" "
            153="t"
            154="h"
            155="e"
            156=" "
            157="b"
            158="a"
            159="t"
            16="f"
            160="t"
            161="l"
            162="e"
            163=","
            164=" "
            165="R"
            166="e"
            167="b"
            168="e"
            169="l"
            17=" "
            170="
"
            171="
"
            172="s"
            173="p"
            174="i"
            175="e"
            176="s"
            177=" "
            178="m"
            179="a"
            18="c"
            180="n"
            181="a"
            182="g"
            183="e"
            184="d"
            185=" "
            186="t"
            187="o"
            188=" "
            189="s"
            19="i"
            190="t"
            191="e"
            192="a"
            193="l"
            194=" "
            195="s"
            196="e"
            197="c"
            198="r"
            199="e"
            2=" "
            20="v"
            200="t"
            201="
"
            202="
"
            203="p"
            204="l"
            205="a"
            206="n"
            207="s"
            208=" "
            209="t"
            21="i"
            210="o"
            211=" "
            212="t"
            213="h"
            214="e"
            215=" "
            216="E"
            217="m"
            218="p"
            219="i"
            22="l"
            220="r"
            221="e"
            222="'"
            223="s"
            224="
"
            225="
"
            226="u"
            227="l"
            228="t"
            229="i"
            23=" "
            230="m"
            231="a"
            232="t"
            233="e"
            234=" "
            235="w"
            236="e"
            237="a"
            238="p"
            239="o"
            24="w"
            240="n"
            241=","
            242=" "
            243="t"
            244="h"
            245="e"
            246=" "
            247="D"
            248="E"
            249="A"
            25="a"
            250="T"
            251="H"
            252="
"
            253="
"
            254="S"
            255="T"
            256="A"
            257="R"
            258=","
            259=" "
            26="r"
            260="a"
            261="n"
            262=" "
            263="a"
            264="r"
            265="m"
            266="o"
            267="r"
            268="e"
            269="d"
            27="."
            270=" "
            271="s"
            272="p"
            273="a"
            274="c"
            275="e"
            276="
"
            277="
"
            278="s"
            279="t"
            28="
"
            280="a"
            281="t"
            282="i"
            283="o"
            284="n"
            285=" "
            286="w"
            287="i"
            288="t"
            289="h"
            29="
"
            290=" "
            291="e"
            292="n"
            293="o"
            294="u"
            295="g"
            296="h"
            297=" "
            298="p"
            299="o"
            3="i"
            30="R"
            300="w"
            301="e"
            302="r"
            303="
"
            304="
"
            305="t"
            306="o"
            307=" "
            308="d"
            309="e"
            31="e"
            310="s"
            311="t"
            312="r"
            313="o"
            314="y"
            315=" "
            316="a"
            317="n"
            318=" "
            319="e"
            32="b"
            320="n"
            321="t"
            322="i"
            323="r"
            324="e"
            325=" "
            326="p"
            327="l"
            328="a"
            329="n"
            33="e"
            330="e"
            331="t"
            332="."
            333="
"
            334="
"
            335="
"
            336="
"
            337="P"
            338="u"
            339="r"
            34="l"
            340="s"
            341="u"
            342="e"
            343="d"
            344=" "
            345="b"
            346="y"
            347=" "
            348="t"
            349="h"
            35=" "
            350="e"
            351=" "
            352="E"
            353="m"
            354="p"
            355="i"
            356="r"
            357="e"
            358="'"
            359="s"
            36="s"
            360="
"
            361="
"
            362="s"
            363="i"
            364="n"
            365="i"
            366="s"
            367="t"
            368="e"
            369="r"
            37="p"
            370=" "
            371="a"
            372="g"
            373="e"
            374="n"
            375="t"
            376="s"
            377=","
            378=" "
            379="P"
            38="a"
            380="r"
            381="i"
            382="n"
            383="c"
            384="e"
            385="s"
            386="s"
            387="
"
            388="
"
            389="L"
            39="c"
            390="e"
            391="i"
            392="a"
            393=" "
            394="r"
            395="a"
            396="c"
            397="e"
            398="s"
            399=" "
            4="s"
            40="e"
            400="h"
            401="o"
            402="m"
            403="e"
            404=" "
            405="a"
            406="b"
            407="o"
            408="a"
            409="r"
            41="s"
            410="d"
            411=" "
            412="h"
            413="e"
            414="r"
            415="
"
            416="
"
            417="s"
            418="t"
            419="a"
            42="h"
            420="r"
            421="s"
            422="h"
            423="i"
            424="p"
            425=","
            426=" "
            427="c"
            428="u"
            429="s"
            43="i"
            430="t"
            431="o"
            432="d"
            433="i"
            434="a"
            435="n"
            436=" "
            437="o"
            438="f"
            439=" "
            44="p"
            440="t"
            441="h"
            442="e"
            443="
"
            444="
"
            445="s"
            446="t"
            447="o"
            448="l"
            449="e"
            45="s"
            450="n"
            451=" "
            452="p"
            453="l"
            454="a"
            455="n"
            456="s"
            457=" "
            458="t"
            459="h"
            46=","
            460="a"
            461="t"
            462=" "
            463="c"
            464="a"
            465="n"
            466=" "
            467="s"
            468="a"
            469="v"
            47=" "
            470="e"
            471=" "
            472="h"
            473="e"
            474="r"
            475="
"
            476="
"
            477="p"
            478="e"
            479="o"
            48="s"
            480="p"
            481="l"
            482="e"
            483=" "
            484="a"
            485="n"
            486="d"
            487=" "
            488="r"
            489="e"
            49="t"
            490="s"
            491="t"
            492="o"
            493="r"
            494="e"
            495="
"
            496="
"
            497="f"
            498="r"
            499="e"
            5=" "
            50="r"
            500="e"
            501="d"
            502="o"
            503="m"
            504=" "
            505="t"
            506="o"
            507=" "
            508="t"
            509="h"
            51="i"
            510="e"
            511=" "
            512="g"
            513="a"
            514="l"
            515="a"
            516="x"
            517="y"
            518="."
            519="."
            52="k"
            520="."
            521="."
            53="i"
            54="n"
            55="g"
            56="
"
            57="
"
            58="f"
            59="r"
            6="a"
            60="o"
            61="m"
            62=" "
            63="a"
            64=" "
            65="h"
            66="i"
            67="d"
            68="d"
            69="e"
            7=" "
            70="n"
            71=" "
            72="b"
            73="a"
            74="s"
            75="e"
            76=","
            77=" "
            78="h"
            79="a"
            8="p"
            80="v"
            81="e"
            82=" "
            83="w"
            84="o"
            85="n"
            86="
"
            87="
"
            88="t"
            89="h"
            9="e"
            90="e"
            91="i"
            92="r"
            93=" "
            94="f"
            95="i"
            96="r"
            97="s"
            98="t"
            99=" "
          />,
        ],
        "className": "home",
      },
      "ref": null,
      "rendered": Array [
        Object {
          "instance": null,
          "key": undefined,
          "nodeType": "function",
          "props": Object {},
          "ref": null,
          "rendered": null,
          "type": [Function],
        },
        Object {
          "instance": null,
          "key": undefined,
          "nodeType": "function",
          "props": Object {
            "cardCount": 4,
            "displayFavorites": [MockFunction],
            "fetchData": [MockFunction],
          },
          "ref": null,
          "rendered": null,
          "type": [Function],
        },
        Object {
          "instance": null,
          "key": undefined,
          "nodeType": "function",
          "props": Object {
            "0": "I",
            "1": "t",
            "10": "r",
            "100": "v",
            "101": "i",
            "102": "c",
            "103": "t",
            "104": "o",
            "105": "r",
            "106": "y",
            "107": " ",
            "108": "a",
            "109": "g",
            "11": "i",
            "110": "a",
            "111": "i",
            "112": "n",
            "113": "s",
            "114": "t",
            "115": "
",
            "116": "
",
            "117": "t",
            "118": "h",
            "119": "e",
            "12": "o",
            "120": " ",
            "121": "e",
            "122": "v",
            "123": "i",
            "124": "l",
            "125": " ",
            "126": "G",
            "127": "a",
            "128": "l",
            "129": "a",
            "13": "d",
            "130": "c",
            "131": "t",
            "132": "i",
            "133": "c",
            "134": " ",
            "135": "E",
            "136": "m",
            "137": "p",
            "138": "i",
            "139": "r",
            "14": " ",
            "140": "e",
            "141": ".",
            "142": "
",
            "143": "
",
            "144": "
",
            "145": "
",
            "146": "D",
            "147": "u",
            "148": "r",
            "149": "i",
            "15": "o",
            "150": "n",
            "151": "g",
            "152": " ",
            "153": "t",
            "154": "h",
            "155": "e",
            "156": " ",
            "157": "b",
            "158": "a",
            "159": "t",
            "16": "f",
            "160": "t",
            "161": "l",
            "162": "e",
            "163": ",",
            "164": " ",
            "165": "R",
            "166": "e",
            "167": "b",
            "168": "e",
            "169": "l",
            "17": " ",
            "170": "
",
            "171": "
",
            "172": "s",
            "173": "p",
            "174": "i",
            "175": "e",
            "176": "s",
            "177": " ",
            "178": "m",
            "179": "a",
            "18": "c",
            "180": "n",
            "181": "a",
            "182": "g",
            "183": "e",
            "184": "d",
            "185": " ",
            "186": "t",
            "187": "o",
            "188": " ",
            "189": "s",
            "19": "i",
            "190": "t",
            "191": "e",
            "192": "a",
            "193": "l",
            "194": " ",
            "195": "s",
            "196": "e",
            "197": "c",
            "198": "r",
            "199": "e",
            "2": " ",
            "20": "v",
            "200": "t",
            "201": "
",
            "202": "
",
            "203": "p",
            "204": "l",
            "205": "a",
            "206": "n",
            "207": "s",
            "208": " ",
            "209": "t",
            "21": "i",
            "210": "o",
            "211": " ",
            "212": "t",
            "213": "h",
            "214": "e",
            "215": " ",
            "216": "E",
            "217": "m",
            "218": "p",
            "219": "i",
            "22": "l",
            "220": "r",
            "221": "e",
            "222": "'",
            "223": "s",
            "224": "
",
            "225": "
",
            "226": "u",
            "227": "l",
            "228": "t",
            "229": "i",
            "23": " ",
            "230": "m",
            "231": "a",
            "232": "t",
            "233": "e",
            "234": " ",
            "235": "w",
            "236": "e",
            "237": "a",
            "238": "p",
            "239": "o",
            "24": "w",
            "240": "n",
            "241": ",",
            "242": " ",
            "243": "t",
            "244": "h",
            "245": "e",
            "246": " ",
            "247": "D",
            "248": "E",
            "249": "A",
            "25": "a",
            "250": "T",
            "251": "H",
            "252": "
",
            "253": "
",
            "254": "S",
            "255": "T",
            "256": "A",
            "257": "R",
            "258": ",",
            "259": " ",
            "26": "r",
            "260": "a",
            "261": "n",
            "262": " ",
            "263": "a",
            "264": "r",
            "265": "m",
            "266": "o",
            "267": "r",
            "268": "e",
            "269": "d",
            "27": ".",
            "270": " ",
            "271": "s",
            "272": "p",
            "273": "a",
            "274": "c",
            "275": "e",
            "276": "
",
            "277": "
",
            "278": "s",
            "279": "t",
            "28": "
",
            "280": "a",
            "281": "t",
            "282": "i",
            "283": "o",
            "284": "n",
            "285": " ",
            "286": "w",
            "287": "i",
            "288": "t",
            "289": "h",
            "29": "
",
            "290": " ",
            "291": "e",
            "292": "n",
            "293": "o",
            "294": "u",
            "295": "g",
            "296": "h",
            "297": " ",
            "298": "p",
            "299": "o",
            "3": "i",
            "30": "R",
            "300": "w",
            "301": "e",
            "302": "r",
            "303": "
",
            "304": "
",
            "305": "t",
            "306": "o",
            "307": " ",
            "308": "d",
            "309": "e",
            "31": "e",
            "310": "s",
            "311": "t",
            "312": "r",
            "313": "o",
            "314": "y",
            "315": " ",
            "316": "a",
            "317": "n",
            "318": " ",
            "319": "e",
            "32": "b",
            "320": "n",
            "321": "t",
            "322": "i",
            "323": "r",
            "324": "e",
            "325": " ",
            "326": "p",
            "327": "l",
            "328": "a",
            "329": "n",
            "33": "e",
            "330": "e",
            "331": "t",
            "332": ".",
            "333": "
",
            "334": "
",
            "335": "
",
            "336": "
",
            "337": "P",
            "338": "u",
            "339": "r",
            "34": "l",
            "340": "s",
            "341": "u",
            "342": "e",
            "343": "d",
            "344": " ",
            "345": "b",
            "346": "y",
            "347": " ",
            "348": "t",
            "349": "h",
            "35": " ",
            "350": "e",
            "351": " ",
            "352": "E",
            "353": "m",
            "354": "p",
            "355": "i",
            "356": "r",
            "357": "e",
            "358": "'",
            "359": "s",
            "36": "s",
            "360": "
",
            "361": "
",
            "362": "s",
            "363": "i",
            "364": "n",
            "365": "i",
            "366": "s",
            "367": "t",
            "368": "e",
            "369": "r",
            "37": "p",
            "370": " ",
            "371": "a",
            "372": "g",
            "373": "e",
            "374": "n",
            "375": "t",
            "376": "s",
            "377": ",",
            "378": " ",
            "379": "P",
            "38": "a",
            "380": "r",
            "381": "i",
            "382": "n",
            "383": "c",
            "384": "e",
            "385": "s",
            "386": "s",
            "387": "
",
            "388": "
",
            "389": "L",
            "39": "c",
            "390": "e",
            "391": "i",
            "392": "a",
            "393": " ",
            "394": "r",
            "395": "a",
            "396": "c",
            "397": "e",
            "398": "s",
            "399": " ",
            "4": "s",
            "40": "e",
            "400": "h",
            "401": "o",
            "402": "m",
            "403": "e",
            "404": " ",
            "405": "a",
            "406": "b",
            "407": "o",
            "408": "a",
            "409": "r",
            "41": "s",
            "410": "d",
            "411": " ",
            "412": "h",
            "413": "e",
            "414": "r",
            "415": "
",
            "416": "
",
            "417": "s",
            "418": "t",
            "419": "a",
            "42": "h",
            "420": "r",
            "421": "s",
            "422": "h",
            "423": "i",
            "424": "p",
            "425": ",",
            "426": " ",
            "427": "c",
            "428": "u",
            "429": "s",
            "43": "i",
            "430": "t",
            "431": "o",
            "432": "d",
            "433": "i",
            "434": "a",
            "435": "n",
            "436": " ",
            "437": "o",
            "438": "f",
            "439": " ",
            "44": "p",
            "440": "t",
            "441": "h",
            "442": "e",
            "443": "
",
            "444": "
",
            "445": "s",
            "446": "t",
            "447": "o",
            "448": "l",
            "449": "e",
            "45": "s",
            "450": "n",
            "451": " ",
            "452": "p",
            "453": "l",
            "454": "a",
            "455": "n",
            "456": "s",
            "457": " ",
            "458": "t",
            "459": "h",
            "46": ",",
            "460": "a",
            "461": "t",
            "462": " ",
            "463": "c",
            "464": "a",
            "465": "n",
            "466": " ",
            "467": "s",
            "468": "a",
            "469": "v",
            "47": " ",
            "470": "e",
            "471": " ",
            "472": "h",
            "473": "e",
            "474": "r",
            "475": "
",
            "476": "
",
            "477": "p",
            "478": "e",
            "479": "o",
            "48": "s",
            "480": "p",
            "481": "l",
            "482": "e",
            "483": " ",
            "484": "a",
            "485": "n",
            "486": "d",
            "487": " ",
            "488": "r",
            "489": "e",
            "49": "t",
            "490": "s",
            "491": "t",
            "492": "o",
            "493": "r",
            "494": "e",
            "495": "
",
            "496": "
",
            "497": "f",
            "498": "r",
            "499": "e",
            "5": " ",
            "50": "r",
            "500": "e",
            "501": "d",
            "502": "o",
            "503": "m",
            "504": " ",
            "505": "t",
            "506": "o",
            "507": " ",
            "508": "t",
            "509": "h",
            "51": "i",
            "510": "e",
            "511": " ",
            "512": "g",
            "513": "a",
            "514": "l",
            "515": "a",
            "516": "x",
            "517": "y",
            "518": ".",
            "519": ".",
            "52": "k",
            "520": ".",
            "521": ".",
            "53": "i",
            "54": "n",
            "55": "g",
            "56": "
",
            "57": "
",
            "58": "f",
            "59": "r",
            "6": "a",
            "60": "o",
            "61": "m",
            "62": " ",
            "63": "a",
            "64": " ",
            "65": "h",
            "66": "i",
            "67": "d",
            "68": "d",
            "69": "e",
            "7": " ",
            "70": "n",
            "71": " ",
            "72": "b",
            "73": "a",
            "74": "s",
            "75": "e",
            "76": ",",
            "77": " ",
            "78": "h",
            "79": "a",
            "8": "p",
            "80": "v",
            "81": "e",
            "82": " ",
            "83": "w",
            "84": "o",
            "85": "n",
            "86": "
",
            "87": "
",
            "88": "t",
            "89": "h",
            "9": "e",
            "90": "e",
            "91": "i",
            "92": "r",
            "93": " ",
            "94": "f",
            "95": "i",
            "96": "r",
            "97": "s",
            "98": "t",
            "99": " ",
          },
          "ref": null,
          "rendered": null,
          "type": [Function],
        },
      ],
      "type": "div",
    },
  ],
  Symbol(enzyme.__options__): Object {
    "adapter": ReactSixteenAdapter {
      "options": Object {
        "enableComponentDidUpdateOnSetState": true,
        "lifecycles": Object {
          "componentDidUpdate": Object {
            "onSetState": true,
          },
          "getDerivedStateFromProps": true,
          "getSnapshotBeforeUpdate": true,
          "setState": Object {
            "skipsComponentDidUpdateOnNullish": true,
          },
        },
      },
    },
  },
}
`;
