// Jest Snapshot v1, https://goo.gl/fbAQLP

exports[`Nav should match the snapshot with all data passed in correctly 1`] = `
ShallowWrapper {
  Symbol(enzyme.__root__): [Circular],
  Symbol(enzyme.__unrendered__): <Nav
    cardCount={4}
  />,
  Symbol(enzyme.__renderer__): Object {
    "batchedUpdates": [Function],
    "getNode": [Function],
    "render": [Function],
    "simulateError": [Function],
    "simulateEvent": [Function],
    "unmount": [Function],
  },
  Symbol(enzyme.__node__): Object {
    "instance": null,
    "key": undefined,
    "nodeType": "host",
    "props": Object {
      "children": Array [
        <section
          className="nav"
        >
          <button
            className="nav-button"
          >
            <NavLink
              activeClassName="active"
              activeStyle={
                Object {
                  "color": "#90403E",
                }
              }
              aria-current="page"
              className="link"
              name="people"
              to="/people"
            >
              PEOPLE
            </NavLink>
          </button>
          <button
            className="nav-button"
          >
            <NavLink
              activeClassName="active"
              activeStyle={
                Object {
                  "color": "#90403E",
                }
              }
              aria-current="page"
              className="link"
              name="planets"
              to="/planets"
            >
              PLANETS
            </NavLink>
          </button>
          <button
            className="nav-button"
          >
            <NavLink
              activeClassName="active"
              activeStyle={
                Object {
                  "color": "#90403E",
                }
              }
              aria-current="page"
              className="link"
              name="vehicles"
              to="/vehicles"
            >
              VEHICLES
            </NavLink>
          </button>
          <button
            className="nav-button"
          >
            <NavLink
              activeClassName="active"
              activeStyle={
                Object {
                  "color": "#90403E",
                }
              }
              aria-current="page"
              className="link"
              name="favorites"
              to="/favorites"
            >
              FAVORTIES: 
              4
            </NavLink>
          </button>
        </section>,
        <section
          className="background-fade"
        />,
      ],
    },
    "ref": null,
    "rendered": Array [
      Object {
        "instance": null,
        "key": undefined,
        "nodeType": "host",
        "props": Object {
          "children": Array [
            <button
              className="nav-button"
            >
              <NavLink
                activeClassName="active"
                activeStyle={
                  Object {
                    "color": "#90403E",
                  }
                }
                aria-current="page"
                className="link"
                name="people"
                to="/people"
              >
                PEOPLE
              </NavLink>
            </button>,
            <button
              className="nav-button"
            >
              <NavLink
                activeClassName="active"
                activeStyle={
                  Object {
                    "color": "#90403E",
                  }
                }
                aria-current="page"
                className="link"
                name="planets"
                to="/planets"
              >
                PLANETS
              </NavLink>
            </button>,
            <button
              className="nav-button"
            >
              <NavLink
                activeClassName="active"
                activeStyle={
                  Object {
                    "color": "#90403E",
                  }
                }
                aria-current="page"
                className="link"
                name="vehicles"
                to="/vehicles"
              >
                VEHICLES
              </NavLink>
            </button>,
            <button
              className="nav-button"
            >
              <NavLink
                activeClassName="active"
                activeStyle={
                  Object {
                    "color": "#90403E",
                  }
                }
                aria-current="page"
                className="link"
                name="favorites"
                to="/favorites"
              >
                FAVORTIES: 
                4
              </NavLink>
            </button>,
          ],
          "className": "nav",
        },
        "ref": null,
        "rendered": Array [
          Object {
            "instance": null,
            "key": undefined,
            "nodeType": "host",
            "props": Object {
              "children": <NavLink
                activeClassName="active"
                activeStyle={
                  Object {
                    "color": "#90403E",
                  }
                }
                aria-current="page"
                className="link"
                name="people"
                to="/people"
              >
                PEOPLE
              </NavLink>,
              "className": "nav-button",
            },
            "ref": null,
            "rendered": Object {
              "instance": null,
              "key": undefined,
              "nodeType": "function",
              "props": Object {
                "activeClassName": "active",
                "activeStyle": Object {
                  "color": "#90403E",
                },
                "aria-current": "page",
                "children": "PEOPLE",
                "className": "link",
                "name": "people",
                "onClick": undefined,
                "to": "/people",
              },
              "ref": null,
              "rendered": "PEOPLE",
              "type": [Function],
            },
            "type": "button",
          },
          Object {
            "instance": null,
            "key": undefined,
            "nodeType": "host",
            "props": Object {
              "children": <NavLink
                activeClassName="active"
                activeStyle={
                  Object {
                    "color": "#90403E",
                  }
                }
                aria-current="page"
                className="link"
                name="planets"
                to="/planets"
              >
                PLANETS
              </NavLink>,
              "className": "nav-button",
            },
            "ref": null,
            "rendered": Object {
              "instance": null,
              "key": undefined,
              "nodeType": "function",
              "props": Object {
                "activeClassName": "active",
                "activeStyle": Object {
                  "color": "#90403E",
                },
                "aria-current": "page",
                "children": "PLANETS",
                "className": "link",
                "name": "planets",
                "onClick": undefined,
                "to": "/planets",
              },
              "ref": null,
              "rendered": "PLANETS",
              "type": [Function],
            },
            "type": "button",
          },
          Object {
            "instance": null,
            "key": undefined,
            "nodeType": "host",
            "props": Object {
              "children": <NavLink
                activeClassName="active"
                activeStyle={
                  Object {
                    "color": "#90403E",
                  }
                }
                aria-current="page"
                className="link"
                name="vehicles"
                to="/vehicles"
              >
                VEHICLES
              </NavLink>,
              "className": "nav-button",
            },
            "ref": null,
            "rendered": Object {
              "instance": null,
              "key": undefined,
              "nodeType": "function",
              "props": Object {
                "activeClassName": "active",
                "activeStyle": Object {
                  "color": "#90403E",
                },
                "aria-current": "page",
                "children": "VEHICLES",
                "className": "link",
                "name": "vehicles",
                "onClick": undefined,
                "to": "/vehicles",
              },
              "ref": null,
              "rendered": "VEHICLES",
              "type": [Function],
            },
            "type": "button",
          },
          Object {
            "instance": null,
            "key": undefined,
            "nodeType": "host",
            "props": Object {
              "children": <NavLink
                activeClassName="active"
                activeStyle={
                  Object {
                    "color": "#90403E",
                  }
                }
                aria-current="page"
                className="link"
                name="favorites"
                to="/favorites"
              >
                FAVORTIES: 
                4
              </NavLink>,
              "className": "nav-button",
            },
            "ref": null,
            "rendered": Object {
              "instance": null,
              "key": undefined,
              "nodeType": "function",
              "props": Object {
                "activeClassName": "active",
                "activeStyle": Object {
                  "color": "#90403E",
                },
                "aria-current": "page",
                "children": Array [
                  "FAVORTIES: ",
                  4,
                ],
                "className": "link",
                "name": "favorites",
                "onClick": undefined,
                "to": "/favorites",
              },
              "ref": null,
              "rendered": Array [
                "FAVORTIES: ",
                4,
              ],
              "type": [Function],
            },
            "type": "button",
          },
        ],
        "type": "section",
      },
      Object {
        "instance": null,
        "key": undefined,
        "nodeType": "host",
        "props": Object {
          "className": "background-fade",
        },
        "ref": null,
        "rendered": null,
        "type": "section",
      },
    ],
    "type": "div",
  },
  Symbol(enzyme.__nodes__): Array [
    Object {
      "instance": null,
      "key": undefined,
      "nodeType": "host",
      "props": Object {
        "children": Array [
          <section
            className="nav"
          >
            <button
              className="nav-button"
            >
              <NavLink
                activeClassName="active"
                activeStyle={
                  Object {
                    "color": "#90403E",
                  }
                }
                aria-current="page"
                className="link"
                name="people"
                to="/people"
              >
                PEOPLE
              </NavLink>
            </button>
            <button
              className="nav-button"
            >
              <NavLink
                activeClassName="active"
                activeStyle={
                  Object {
                    "color": "#90403E",
                  }
                }
                aria-current="page"
                className="link"
                name="planets"
                to="/planets"
              >
                PLANETS
              </NavLink>
            </button>
            <button
              className="nav-button"
            >
              <NavLink
                activeClassName="active"
                activeStyle={
                  Object {
                    "color": "#90403E",
                  }
                }
                aria-current="page"
                className="link"
                name="vehicles"
                to="/vehicles"
              >
                VEHICLES
              </NavLink>
            </button>
            <button
              className="nav-button"
            >
              <NavLink
                activeClassName="active"
                activeStyle={
                  Object {
                    "color": "#90403E",
                  }
                }
                aria-current="page"
                className="link"
                name="favorites"
                to="/favorites"
              >
                FAVORTIES: 
                4
              </NavLink>
            </button>
          </section>,
          <section
            className="background-fade"
          />,
        ],
      },
      "ref": null,
      "rendered": Array [
        Object {
          "instance": null,
          "key": undefined,
          "nodeType": "host",
          "props": Object {
            "children": Array [
              <button
                className="nav-button"
              >
                <NavLink
                  activeClassName="active"
                  activeStyle={
                    Object {
                      "color": "#90403E",
                    }
                  }
                  aria-current="page"
                  className="link"
                  name="people"
                  to="/people"
                >
                  PEOPLE
                </NavLink>
              </button>,
              <button
                className="nav-button"
              >
                <NavLink
                  activeClassName="active"
                  activeStyle={
                    Object {
                      "color": "#90403E",
                    }
                  }
                  aria-current="page"
                  className="link"
                  name="planets"
                  to="/planets"
                >
                  PLANETS
                </NavLink>
              </button>,
              <button
                className="nav-button"
              >
                <NavLink
                  activeClassName="active"
                  activeStyle={
                    Object {
                      "color": "#90403E",
                    }
                  }
                  aria-current="page"
                  className="link"
                  name="vehicles"
                  to="/vehicles"
                >
                  VEHICLES
                </NavLink>
              </button>,
              <button
                className="nav-button"
              >
                <NavLink
                  activeClassName="active"
                  activeStyle={
                    Object {
                      "color": "#90403E",
                    }
                  }
                  aria-current="page"
                  className="link"
                  name="favorites"
                  to="/favorites"
                >
                  FAVORTIES: 
                  4
                </NavLink>
              </button>,
            ],
            "className": "nav",
          },
          "ref": null,
          "rendered": Array [
            Object {
              "instance": null,
              "key": undefined,
              "nodeType": "host",
              "props": Object {
                "children": <NavLink
                  activeClassName="active"
                  activeStyle={
                    Object {
                      "color": "#90403E",
                    }
                  }
                  aria-current="page"
                  className="link"
                  name="people"
                  to="/people"
                >
                  PEOPLE
                </NavLink>,
                "className": "nav-button",
              },
              "ref": null,
              "rendered": Object {
                "instance": null,
                "key": undefined,
                "nodeType": "function",
                "props": Object {
                  "activeClassName": "active",
                  "activeStyle": Object {
                    "color": "#90403E",
                  },
                  "aria-current": "page",
                  "children": "PEOPLE",
                  "className": "link",
                  "name": "people",
                  "onClick": undefined,
                  "to": "/people",
                },
                "ref": null,
                "rendered": "PEOPLE",
                "type": [Function],
              },
              "type": "button",
            },
            Object {
              "instance": null,
              "key": undefined,
              "nodeType": "host",
              "props": Object {
                "children": <NavLink
                  activeClassName="active"
                  activeStyle={
                    Object {
                      "color": "#90403E",
                    }
                  }
                  aria-current="page"
                  className="link"
                  name="planets"
                  to="/planets"
                >
                  PLANETS
                </NavLink>,
                "className": "nav-button",
              },
              "ref": null,
              "rendered": Object {
                "instance": null,
                "key": undefined,
                "nodeType": "function",
                "props": Object {
                  "activeClassName": "active",
                  "activeStyle": Object {
                    "color": "#90403E",
                  },
                  "aria-current": "page",
                  "children": "PLANETS",
                  "className": "link",
                  "name": "planets",
                  "onClick": undefined,
                  "to": "/planets",
                },
                "ref": null,
                "rendered": "PLANETS",
                "type": [Function],
              },
              "type": "button",
            },
            Object {
              "instance": null,
              "key": undefined,
              "nodeType": "host",
              "props": Object {
                "children": <NavLink
                  activeClassName="active"
                  activeStyle={
                    Object {
                      "color": "#90403E",
                    }
                  }
                  aria-current="page"
                  className="link"
                  name="vehicles"
                  to="/vehicles"
                >
                  VEHICLES
                </NavLink>,
                "className": "nav-button",
              },
              "ref": null,
              "rendered": Object {
                "instance": null,
                "key": undefined,
                "nodeType": "function",
                "props": Object {
                  "activeClassName": "active",
                  "activeStyle": Object {
                    "color": "#90403E",
                  },
                  "aria-current": "page",
                  "children": "VEHICLES",
                  "className": "link",
                  "name": "vehicles",
                  "onClick": undefined,
                  "to": "/vehicles",
                },
                "ref": null,
                "rendered": "VEHICLES",
                "type": [Function],
              },
              "type": "button",
            },
            Object {
              "instance": null,
              "key": undefined,
              "nodeType": "host",
              "props": Object {
                "children": <NavLink
                  activeClassName="active"
                  activeStyle={
                    Object {
                      "color": "#90403E",
                    }
                  }
                  aria-current="page"
                  className="link"
                  name="favorites"
                  to="/favorites"
                >
                  FAVORTIES: 
                  4
                </NavLink>,
                "className": "nav-button",
              },
              "ref": null,
              "rendered": Object {
                "instance": null,
                "key": undefined,
                "nodeType": "function",
                "props": Object {
                  "activeClassName": "active",
                  "activeStyle": Object {
                    "color": "#90403E",
                  },
                  "aria-current": "page",
                  "children": Array [
                    "FAVORTIES: ",
                    4,
                  ],
                  "className": "link",
                  "name": "favorites",
                  "onClick": undefined,
                  "to": "/favorites",
                },
                "ref": null,
                "rendered": Array [
                  "FAVORTIES: ",
                  4,
                ],
                "type": [Function],
              },
              "type": "button",
            },
          ],
          "type": "section",
        },
        Object {
          "instance": null,
          "key": undefined,
          "nodeType": "host",
          "props": Object {
            "className": "background-fade",
          },
          "ref": null,
          "rendered": null,
          "type": "section",
        },
      ],
      "type": "div",
    },
  ],
  Symbol(enzyme.__options__): Object {
    "adapter": ReactSixteenAdapter {
      "options": Object {
        "enableComponentDidUpdateOnSetState": true,
        "lifecycles": Object {
          "componentDidUpdate": Object {
            "onSetState": true,
          },
          "getDerivedStateFromProps": true,
          "getSnapshotBeforeUpdate": true,
          "setState": Object {
            "skipsComponentDidUpdateOnNullish": true,
          },
        },
      },
    },
  },
}
`;
